Lorem ipsum dolor sit amet, consectetur adipiscing elit. Praesent
malesuada fringilla lectus, quis blandit metus aliquet at. Ut
placerat, dolor sed placerat rutrum, quam neque convallis nisl, quis
lacinia nulla libero at eros.

Phasellus ultricies odio non massa ultricies non rhoncus massa varius.

Morbi sapien nulla, pretium et congue at, ultricies eu tellus. Etiam
porta commodo dolor, a vulputate mi ultricies vel.
